// Jest Snapshot v1, https://goo.gl/fbAQLP

exports[`TodoList component matches snapshot 1`] = `
<DocumentFragment>
  <div>
    <form>
      <label
        for="task"
      >
        Task:
      </label>
      <input
        id="task"
        name="task"
        type="text"
        value=""
      />
      <button
        type="submit"
      >
        Add Todo
      </button>
    </form>
    <div />
  </div>
</DocumentFragment>
`;
