// Jest Snapshot v1, https://goo.gl/fbAQLP

exports[`Todo component matches snapshot 1`] = `
<DocumentFragment>
  <div>
    <div>
      Test Task
    </div>
    <button>
      X
    </button>
  </div>
</DocumentFragment>
`;
